Psi 17: False
Psi 18: False
Psi 19: False
Psi 20: False
Psi 21: False
Psi 22: False
Psi 23: True
Psi 24: True
